python : 2025-11-11 10:38:42,533 - app.core.config - INFO - Application: MindMate v2.0.0
At line:1 char:1
+ python -m app.agents.assessment.assessment_v2.test_comprehensive_work ...
+ ~~~~~~~~~~~~~~~~~~~~~~~~~~~~~~~~~~~~~~~~~~~~~~~~~~~~~~~~~~~~~~~~~~~~~
    + CategoryInfo          : NotSpecified: (2025-11-11 10:3...MindMate v2.0.0:String) [] 
   , RemoteException
    + FullyQualifiedErrorId : NativeCommandError
 
2025-11-11 10:38:42,533 - app.core.config - INFO - Database: 
mmadmin@localhost:5432/mindmatedb
2025-11-11 10:38:42,534 - app.core.config - INFO - Redis: localhost:6379/0
2025-11-11 10:38:42,534 - app.core.config - INFO - Server: 0.0.0.0:8000
2025-11-11 10:38:44,037 - assessment.assessment_v2.moderator - INFO - SRA service 
available - symptom extraction enabled
2025-11-11 10:38:44,153 - assessment.assessment_v2.moderator - INFO - \u2705 
AssessmentModerator V2 initialized | Modules: 7 | SRA: True
2025-11-11 10:38:44,155 - assessment.assessment_v2.moderator - INFO - SRA service 
available - symptom extraction enabled
2025-11-11 10:38:44,165 - assessment.assessment_v2.moderator - INFO - \u2705 
AssessmentModerator V2 initialized | Modules: 7 | SRA: True
2025-11-11 10:38:44,166 - assessment.assessment_v2.moderator - INFO - SRA service 
available - symptom extraction enabled
2025-11-11 10:38:44,174 - assessment.assessment_v2.moderator - INFO - \u2705 
AssessmentModerator V2 initialized | Modules: 7 | SRA: True
2025-11-11 10:38:44,175 - assessment.assessment_v2.moderator - INFO - SRA service 
available - symptom extraction enabled
2025-11-11 10:38:44,183 - assessment.assessment_v2.moderator - INFO - \u2705 
AssessmentModerator V2 initialized | Modules: 7 | SRA: True
2025-11-11 10:38:44,183 - 
app.agents.assessment.assessment_v2.modules.screening.scid_screening - INFO - Activating 
SCID screening module for session test_session_5d224ea1
2025-11-11 10:38:45,065 - app.agents.assessment.assessment_v2.selector.scid_sc_selector - 
INFO - Patient summary: A patient seeking mental health assessment.
2025-11-11 10:38:45,065 - app.agents.assessment.assessment_v2.selector.scid_sc_selector - 
WARNING - SCID bank not available
2025-11-11 10:38:45,065 - 
app.agents.assessment.assessment_v2.modules.screening.scid_screening - WARNING - No SCID 
items selected for session test_session_5d224ea1
2025-11-11 10:38:45,065 - app.agents.assessment.assessment_v2.selector.scid_sc_selector - 
INFO - Initialized SCID presenter with 0 items
2025-11-11 10:38:45,065 - 
app.agents.assessment.assessment_v2.modules.screening.scid_screening - INFO - SCID 
screening module activated with 0 items for session test_session_5d224ea1
2025-11-11 10:38:45,075 - app.agents.assessment.assessment_v2.selector.module_selector - 
INFO - SCID-CV Module Selector initialized with 11 available modules
2025-11-11 10:38:45,075 - app.agents.assessment.assessment_v2.selector.module_selector - 
INFO - Starting SCID-CV module selection process
2025-11-11 10:38:51,660 - app.agents.assessment.assessment_v2.selector.module_selector - 
INFO - Selected 3 SCID-CV modules
2025-11-11 10:38:51,661 - app.agents.assessment.assessment_v2.deployer.scid_cv_deployer - 
INFO - Auto-selected module: MDD (priority: 1, relevance: 0.95)
2025-11-11 10:38:51,664 - app.agents.assessment.assessment_v2.deployer.scid_cv_deployer - 
INFO - Loaded SCID-CV module: Major Depressive Disorder (MDD)
2025-11-11 10:38:51,664 - assessment.assessment_v2.moderator - ERROR - Error processing 
message: 'NoneType' object is not callable
Traceback (most recent call last):
  File "C:\Users\Al 
shahbaz\Downloads\mindmate\mm\backend\app\agents\assessment\assessment_v2\moderator.py", 
line 366, in process_message
    response = module.process_message(message=message, session_id=session_id, 
user_id=user_id)
  File "C:\Users\Al shahbaz\Downloads\mindmate\mm\backend\app\agents\assessment\assessment
_v2\deployer\scid_cv_deployer.py", line 177, in process_message
    return self.process_response(user_id, session_id, message, **kwargs)
           ~~~~~~~~~~~~~~~~~~~~~^^^^^^^^^^^^^^^^^^^^^^^^^^^^^^^^^^^^^^^^
  File "C:\Users\Al shahbaz\Downloads\mindmate\mm\backend\app\agents\assessment\assessment
_v2\deployer\scid_cv_deployer.py", line 361, in process_response
    scid_response = SCIDResponse(
        question_id=current_question.id,
        response=parsed_response,
        timestamp=datetime.now()
    )
TypeError: 'NoneType' object is not callable
2025-11-11 10:38:51,670 - assessment.assessment_v2.moderator - INFO - SRA service 
available - symptom extraction enabled
2025-11-11 10:38:51,679 - assessment.assessment_v2.moderator - INFO - \u2705 
AssessmentModerator V2 initialized | Modules: 7 | SRA: True
2025-11-11 10:38:51,681 - assessment.assessment_v2.moderator - INFO - SRA service 
available - symptom extraction enabled
2025-11-11 10:38:51,688 - assessment.assessment_v2.moderator - INFO - \u2705 
AssessmentModerator V2 initialized | Modules: 7 | SRA: True
2025-11-11 10:38:51,726 - 
app.agents.assessment.assessment_v2.modules.screening.scid_screening - INFO - Activating 
SCID screening module for session test_session_d772e8b7
2025-11-11 10:38:51,737 - app.agents.assessment.assessment_v2.selector.scid_sc_selector - 
INFO - Patient summary: A patient seeking mental health assessment.
2025-11-11 10:38:51,737 - app.agents.assessment.assessment_v2.selector.scid_sc_selector - 
WARNING - SCID bank not available
2025-11-11 10:38:51,737 - 
app.agents.assessment.assessment_v2.modules.screening.scid_screening - WARNING - No SCID 
items selected for session test_session_d772e8b7
2025-11-11 10:38:51,737 - app.agents.assessment.assessment_v2.selector.scid_sc_selector - 
INFO - Initialized SCID presenter with 0 items
2025-11-11 10:38:51,738 - 
app.agents.assessment.assessment_v2.modules.screening.scid_screening - INFO - SCID 
screening module activated with 0 items for session test_session_d772e8b7
2025-11-11 10:38:51,738 - assessment.assessment_v2.moderator - INFO - SRA service 
available - symptom extraction enabled
2025-11-11 10:38:51,746 - assessment.assessment_v2.moderator - INFO - \u2705 
AssessmentModerator V2 initialized | Modules: 7 | SRA: True
2025-11-11 10:38:51,747 - assessment.assessment_v2.moderator - INFO - SRA service 
available - symptom extraction enabled
2025-11-11 10:38:51,755 - assessment.assessment_v2.moderator - INFO - \u2705 
AssessmentModerator V2 initialized | Modules: 7 | SRA: True
Traceback (most recent call last):
  File "<frozen runpy>", line 198, in _run_module_as_main
  File "<frozen runpy>", line 88, in _run_code
  File "C:\Users\Al shahbaz\Downloads\mindmate\mm\backend\app\agents\assessment\assessment
_v2\test_comprehensive_workflow.py", line 726, in <module>
    success = run_all_tests()
  File "C:\Users\Al shahbaz\Downloads\mindmate\mm\backend\app\agents\assessment\assessment
_v2\test_comprehensive_workflow.py", line 715, in run_all_tests
    print(f"{status}: {test_name}")
    ~~~~~^^^^^^^^^^^^^^^^^^^^^^^^^^
  File "C:\Users\Al 
shahbaz\AppData\Local\Programs\Python\Python314\Lib\encodings\cp1252.py", line 19, in 
encode
    return codecs.charmap_encode(input,self.errors,encoding_table)[0]
           ~~~~~~~~~~~~~~~~~~~~~^^^^^^^^^^^^^^^^^^^^^^^^^^^^^^^^^^
UnicodeEncodeError: 'charmap' codec can't encode character '\u2713' in position 5: 
character maps to <undefined>

[95m================================================================================[0m
[95m[1mASSESSMENT V2 COMPREHENSIVE TEST SUITE[0m
[95m================================================================================[0m


[95m================================================================================[0m
[95m[1mTEST 1: Demographics Module[0m
[95m================================================================================[0m

[PASS] Demographics module found
[INFO] Module: demographics
[INFO] Priority: 1
[INFO] Description: Collect patient demographic information including age, gende...
[PASS] Assessment started: Let's begin the Demographics assessment.

What is your age?

Please provide your...
[INFO] Current module: demographics
[INFO] Processing response 1: I'm 28 years old
[PASS] Response 1 processed: What is your gender?

Please select the option that best describes you

Examples:
- Male
- Female
- ...
[INFO] Processing response 2: Female
[PASS] Response 2 processed: What is your highest level of education?

Please select your highest completed education level

Exam...
[INFO] Processing response 3: Bachelor's degree
[PASS] Response 3 processed: What is your current occupation?

Please select your current employment status

Examples:
- Employed...
[INFO] Processing response 4: Employed full-time
[PASS] Response 4 processed: What is your marital status?

Please select your current marital status

Examples:
- Single
- Marrie...
[INFO] Processing response 5: Single
[PASS] Response 5 processed: What is your cultural or ethnic background?

Please describe your cultural or ethnic background

Exa...
[INFO] Processing response 6: I live with my family
[PASS] Response 6 processed: Where do you currently live? (City, Country)

Please provide your current location

Examples:
- New ...
[PASS] Session state maintained
[INFO]   - Current module: demographics
[INFO]   - Module history: []
[INFO]   - Results: 0 modules

[95m================================================================================[0m
[95m[1mTEST 2: Presenting Concern Module[0m
[95m================================================================================[0m

[PASS] Presenting concern module found
[PASS] Switched to presenting_concern module
[INFO] Processing response 1: I've been feeling really anxious and depressed for the past ...
[PASS] Response 1 processed
[INFO] Processing response 2: I have trouble sleeping and I've lost interest in things I u...
[PASS] Response 2 processed
[INFO] Processing response 3: It started about 3 months ago after I lost my job...
[PASS] Response 3 processed

[95m================================================================================[0m
[95m[1mTEST 3: Risk Assessment Module[0m
[95m================================================================================[0m

[PASS] Risk assessment module found
[PASS] Switched to risk_assessment module
[INFO] Processing response 1: No, I haven't had thoughts of hurting myself
[PASS] Response 1 processed
[INFO] Processing response 2: I don't have a plan
[PASS] Response 2 processed
[INFO] Processing response 3: I have good support from my family
[PASS] Response 3 processed

[95m================================================================================[0m
[95m[1mTEST 4: SCID-SC Screening Module[0m
[95m================================================================================[0m

[PASS] SCID screening module found
[PASS] Switched to scid_screening module
[INFO] Processing response 1: Yes, I have experienced that
[PASS] Response 1 processed
[INFO] Processing response 2: Sometimes
[PASS] Response 2 processed
[INFO] Processing response 3: No, not really
[PASS] Response 3 processed

[95m================================================================================[0m
[95m[1mTEST 5: Complete Workflow (End-to-End)[0m
[95m================================================================================[0m

[INFO] Expected sequence: demographics -> presenting_concern -> risk_assessment -> scid_screening -> scid_cv_diagnostic -> da_diagnostic_analysis -> tpa_treatment_planning
[INFO] User ID: test_user_e2e987e5
[INFO] Session ID: test_session_2e0041ef
[PASS] Assessment started
[INFO] Greeting: Let's begin the Demographics assessment.

What is your age?

Please provide your age in years

Examp...
[INFO] Starting module: demographics
[INFO] 
--- Iteration 1: Module 'demographics' ---
[INFO]   Response 1: I'm 30 years old...
[INFO]   Response 2: Male...
[INFO]   Response 3: Master's degree...
[WARN]   Module 'demographics' still in progress
[PASS] 
Final Progress:
[INFO]   Overall: 0.0%
[INFO]   Current module: demographics
[INFO]   Completed modules: 
[INFO]   Total modules: 7
[PASS] 
Completed 0/7 expected modules

[95m================================================================================[0m
[95m[1mTEST 6: Module Transitions and State Management[0m
[95m================================================================================[0m

[INFO] Testing module transitions...
[INFO] 
--- Testing transition to module 1: demographics ---
[PASS] Switched to demographics
[PASS] Current module verified: demographics
[PASS] Session state maintained
[INFO]   - Module history: ['demographics']
[INFO]   - Current module: demographics
[INFO] Next module: presenting_concern
[INFO] 
--- Testing transition to module 2: presenting_concern ---
[PASS] Switched to presenting_concern
[PASS] Current module verified: presenting_concern
[PASS] Session state maintained
[INFO]   - Module history: ['demographics', 'demographics']
[INFO]   - Current module: presenting_concern
[INFO] Next module: risk_assessment
[INFO] 
--- Testing transition to module 3: risk_assessment ---
[PASS] Switched to risk_assessment
[PASS] Current module verified: risk_assessment
[PASS] Session state maintained
[INFO]   - Module history: ['demographics', 'demographics', 'presenting_concern']
[INFO]   - Current module: risk_assessment
[INFO] Next module: scid_screening
[INFO] 
--- Testing transition to module 4: scid_screening ---
[PASS] Switched to scid_screening
[PASS] Current module verified: scid_screening
[PASS] Session state maintained
[INFO]   - Module history: ['demographics', 'demographics', 'presenting_concern', 'risk_assessment']
[INFO]   - Current module: scid_screening
[INFO] Next module: scid_cv_diagnostic

[95m================================================================================[0m
[95m[1mTEST 7: State Persistence[0m
[95m================================================================================[0m

[PASS] State retrieved after first message
[PASS] State retrieved after second message
[PASS] Session ID persisted correctly
[PASS] Updated timestamp progressed correctly

[95m================================================================================[0m
[95m[1mTEST 8: Data Flow Between Modules[0m
[95m================================================================================[0m

[PASS] Session state retrieved
[WARN] No module results found (may be stored differently)
[INFO] Module states: (empty or stored in database)
[PASS] Data flow structure verified

[95m================================================================================[0m
[95m[1mTEST SUMMARY[0m
[95m================================================================================[0m

